.next/types/validator.ts(53,39): error TS2306: File 'C:/CollegeProject/form-x/app/dashboard/page.tsx' is not a module.
