.next/dev/types/validator.ts(53,39): error TS2306: File 'C:/CollegeProject/form-x/app/dashboard/page.tsx' is not a module.
.next/dev/types/validator.ts(81,31): error TS2344: Type 'typeof import("C:/CollegeProject/form-x/app/api/forms/[id]/route")' does not satisfy the constraint 'RouteHandlerConfig<"/api/forms/[id]">'.
  Types of property 'GET' are incompatible.
    Type '(req: Request, { params }: { params: { id: string; }; }) => Promise<NextResponse<{ success: boolean; error: string; }> | NextResponse<{ success: boolean; form: any; }>>' is not assignable to type '(request: NextRequest, context: { params: Promise<{ id: string; }>; }) => void | Response | Promise<void | Response>'.
      Types of parameters '__1' and 'context' are incompatible.
        Type '{ params: Promise<{ id: string; }>; }' is not assignable to type '{ params: { id: string; }; }'.
          Types of property 'params' are incompatible.
            Property 'id' is missing in type 'Promise<{ id: string; }>' but required in type '{ id: string; }'.
.next/types/validator.ts(53,39): error TS2306: File 'C:/CollegeProject/form-x/app/dashboard/page.tsx' is not a module.
.next/types/validator.ts(81,31): error TS2344: Type 'typeof import("C:/CollegeProject/form-x/app/api/forms/[id]/route")' does not satisfy the constraint 'RouteHandlerConfig<"/api/forms/[id]">'.
  Types of property 'GET' are incompatible.
    Type '(req: Request, { params }: { params: { id: string; }; }) => Promise<NextResponse<{ success: boolean; error: string; }> | NextResponse<{ success: boolean; form: any; }>>' is not assignable to type '(request: NextRequest, context: { params: Promise<{ id: string; }>; }) => void | Response | Promise<void | Response>'.
      Types of parameters '__1' and 'context' are incompatible.
        Type '{ params: Promise<{ id: string; }>; }' is not assignable to type '{ params: { id: string; }; }'.
          Types of property 'params' are incompatible.
            Property 'id' is missing in type 'Promise<{ id: string; }>' but required in type '{ id: string; }'.
